// Vitest Snapshot v1, https://vitest.dev/guide/snapshot.html

exports[`the five levels > the profile table 1`] = `
[
  {
    "firstFatherBells": 24,
    "interventionBells": 2000,
    "level": 0,
    "name": "Discoverer",
    "nativeAlarmAtStart": 0,
    "ratingFactor": 4,
    "ref": {
      "artillery": 2,
      "cavalry": 5,
      "regulars": 15,
      "ships": 2,
    },
    "refOpenBonus": 0,
    "rivalFirstFatherBells": 56,
    "royalMoneyPerTurn": 10,
    "startingGold": 1000,
    "toryThreshold": 10,
    "villagePenalty": 1,
  },
  {
    "firstFatherBells": 32,
    "interventionBells": 3500,
    "level": 1,
    "name": "Explorer",
    "nativeAlarmAtStart": 2,
    "ratingFactor": 5,
    "ref": {
      "artillery": 8,
      "cavalry": 10,
      "regulars": 23,
      "ships": 5,
    },
    "refOpenBonus": 5,
    "rivalFirstFatherBells": 52,
    "royalMoneyPerTurn": 18,
    "startingGold": 300,
    "toryThreshold": 9,
    "villagePenalty": 2,
  },
  {
    "firstFatherBells": 40,
    "interventionBells": 5000,
    "level": 2,
    "name": "Conquistador",
    "nativeAlarmAtStart": 4,
    "ratingFactor": 6,
    "ref": {
      "artillery": 14,
      "cavalry": 15,
      "regulars": 31,
      "ships": 8,
    },
    "refOpenBonus": 10,
    "rivalFirstFatherBells": 48,
    "royalMoneyPerTurn": 26,
    "startingGold": 0,
    "toryThreshold": 8,
    "villagePenalty": 3,
  },
  {
    "firstFatherBells": 48,
    "interventionBells": 6500,
    "level": 3,
    "name": "Governor",
    "nativeAlarmAtStart": 6,
    "ratingFactor": 8,
    "ref": {
      "artillery": 20,
      "cavalry": 20,
      "regulars": 39,
      "ships": 11,
    },
    "refOpenBonus": 15,
    "rivalFirstFatherBells": 44,
    "royalMoneyPerTurn": 34,
    "startingGold": 0,
    "toryThreshold": 7,
    "villagePenalty": 4,
  },
  {
    "firstFatherBells": 56,
    "interventionBells": 8000,
    "level": 4,
    "name": "Viceroy",
    "nativeAlarmAtStart": 8,
    "ratingFactor": 10,
    "ref": {
      "artillery": 26,
      "cavalry": 25,
      "regulars": 47,
      "ships": 14,
    },
    "refOpenBonus": 20,
    "rivalFirstFatherBells": 40,
    "royalMoneyPerTurn": 42,
    "startingGold": 0,
    "toryThreshold": 6,
    "villagePenalty": 5,
  },
]
`;
