// Vitest Snapshot v1, https://vitest.dev/guide/snapshot.html

exports[`tables > match their snapshots 1`] = `
{
  "BUILDINGS": {
    "armory": {
      "chain": "armory",
      "coastal": false,
      "hammers": 52,
      "level": 1,
      "minPopulation": 1,
      "name": "Armory",
      "needsFather": null,
      "tableClass": 1,
      "tools": 0,
      "unused": false,
      "upkeep": 5,
    },
    "arsenal": {
      "chain": "armory",
      "coastal": false,
      "hammers": 240,
      "level": 3,
      "minPopulation": 8,
      "name": "Arsenal",
      "needsFather": "adamSmith",
      "tableClass": 1,
      "tools": 100,
      "unused": false,
      "upkeep": 15,
    },
    "blacksmithsHouse": {
      "chain": "blacksmith",
      "coastal": false,
      "hammers": 64,
      "level": 1,
      "minPopulation": 1,
      "name": "Blacksmith's House",
      "needsFather": null,
      "tableClass": 0,
      "tools": 0,
      "unused": false,
      "upkeep": 0,
    },
    "blacksmithsShop": {
      "chain": "blacksmith",
      "coastal": false,
      "hammers": 64,
      "level": 2,
      "minPopulation": 1,
      "name": "Blacksmith's Shop",
      "needsFather": null,
      "tableClass": 0,
      "tools": 20,
      "unused": false,
      "upkeep": 5,
    },
    "capitol": {
      "chain": null,
      "coastal": false,
      "hammers": 400,
      "level": 1,
      "minPopulation": 16,
      "name": "Capitol",
      "needsFather": null,
      "tableClass": 2,
      "tools": 100,
      "unused": true,
      "upkeep": 20,
    },
    "capitolExpansion": {
      "chain": null,
      "coastal": false,
      "hammers": 400,
      "level": 1,
      "minPopulation": 16,
      "name": "Capitol Expansion",
      "needsFather": null,
      "tableClass": 2,
      "tools": 100,
      "unused": true,
      "upkeep": 10,
    },
    "carpentersShop": {
      "chain": "carpenter",
      "coastal": false,
      "hammers": 39,
      "level": 1,
      "minPopulation": 1,
      "name": "Carpenter's Shop",
      "needsFather": null,
      "tableClass": 1,
      "tools": 0,
      "unused": false,
      "upkeep": 0,
    },
    "cathedral": {
      "chain": "church",
      "coastal": false,
      "hammers": 176,
      "level": 2,
      "minPopulation": 8,
      "name": "Cathedral",
      "needsFather": null,
      "tableClass": 2,
      "tools": 100,
      "unused": false,
      "upkeep": 15,
    },
    "church": {
      "chain": "church",
      "coastal": false,
      "hammers": 64,
      "level": 1,
      "minPopulation": 3,
      "name": "Church",
      "needsFather": null,
      "tableClass": 2,
      "tools": 0,
      "unused": false,
      "upkeep": 5,
    },
    "cigarFactory": {
      "chain": "tobacconist",
      "coastal": false,
      "hammers": 160,
      "level": 3,
      "minPopulation": 8,
      "name": "Cigar Factory",
      "needsFather": "adamSmith",
      "tableClass": 0,
      "tools": 100,
      "unused": false,
      "upkeep": 15,
    },
    "college": {
      "chain": "school",
      "coastal": false,
      "hammers": 160,
      "level": 2,
      "minPopulation": 8,
      "name": "College",
      "needsFather": null,
      "tableClass": 1,
      "tools": 50,
      "unused": false,
      "upkeep": 10,
    },
    "customHouse": {
      "chain": "customHouse",
      "coastal": false,
      "hammers": 160,
      "level": 1,
      "minPopulation": 1,
      "name": "Custom House",
      "needsFather": "peterStuyvesant",
      "tableClass": 0,
      "tools": 50,
      "unused": false,
      "upkeep": 15,
    },
    "docks": {
      "chain": "docks",
      "coastal": true,
      "hammers": 52,
      "level": 1,
      "minPopulation": 1,
      "name": "Docks",
      "needsFather": null,
      "tableClass": 4,
      "tools": 0,
      "unused": false,
      "upkeep": 5,
    },
    "drydock": {
      "chain": "docks",
      "coastal": true,
      "hammers": 80,
      "level": 2,
      "minPopulation": 4,
      "name": "Drydock",
      "needsFather": null,
      "tableClass": 4,
      "tools": 50,
      "unused": false,
      "upkeep": 10,
    },
    "fort": {
      "chain": "fortification",
      "coastal": false,
      "hammers": 120,
      "level": 2,
      "minPopulation": 3,
      "name": "Fort",
      "needsFather": null,
      "tableClass": 3,
      "tools": 100,
      "unused": false,
      "upkeep": 10,
    },
    "fortress": {
      "chain": "fortification",
      "coastal": false,
      "hammers": 320,
      "level": 3,
      "minPopulation": 8,
      "name": "Fortress",
      "needsFather": null,
      "tableClass": 3,
      "tools": 200,
      "unused": false,
      "upkeep": 15,
    },
    "furFactory": {
      "chain": "furTrader",
      "coastal": false,
      "hammers": 160,
      "level": 3,
      "minPopulation": 6,
      "name": "Fur Factory",
      "needsFather": "adamSmith",
      "tableClass": 0,
      "tools": 100,
      "unused": false,
      "upkeep": 15,
    },
    "furTradersHouse": {
      "chain": "furTrader",
      "coastal": false,
      "hammers": 56,
      "level": 1,
      "minPopulation": 1,
      "name": "Fur Trader's House",
      "needsFather": null,
      "tableClass": 0,
      "tools": 0,
      "unused": false,
      "upkeep": 0,
    },
    "furTradingPost": {
      "chain": "furTrader",
      "coastal": false,
      "hammers": 56,
      "level": 2,
      "minPopulation": 1,
      "name": "Fur Trading Post",
      "needsFather": null,
      "tableClass": 0,
      "tools": 20,
      "unused": false,
      "upkeep": 5,
    },
    "ironWorks": {
      "chain": "blacksmith",
      "coastal": false,
      "hammers": 240,
      "level": 3,
      "minPopulation": 8,
      "name": "Iron Works",
      "needsFather": "adamSmith",
      "tableClass": 0,
      "tools": 100,
      "unused": false,
      "upkeep": 15,
    },
    "lumberMill": {
      "chain": "carpenter",
      "coastal": false,
      "hammers": 52,
      "level": 2,
      "minPopulation": 3,
      "name": "Lumber Mill",
      "needsFather": null,
      "tableClass": 1,
      "tools": 0,
      "unused": false,
      "upkeep": 10,
    },
    "magazine": {
      "chain": "armory",
      "coastal": false,
      "hammers": 120,
      "level": 2,
      "minPopulation": 8,
      "name": "Magazine",
      "needsFather": null,
      "tableClass": 1,
      "tools": 50,
      "unused": false,
      "upkeep": 10,
    },
    "newspaper": {
      "chain": "press",
      "coastal": false,
      "hammers": 120,
      "level": 2,
      "minPopulation": 4,
      "name": "Newspaper",
      "needsFather": null,
      "tableClass": 0,
      "tools": 50,
      "unused": false,
      "upkeep": 10,
    },
    "printingPress": {
      "chain": "press",
      "coastal": false,
      "hammers": 52,
      "level": 1,
      "minPopulation": 1,
      "name": "Printing Press",
      "needsFather": null,
      "tableClass": 0,
      "tools": 20,
      "unused": false,
      "upkeep": 5,
    },
    "rumDistillersHouse": {
      "chain": "distiller",
      "coastal": false,
      "hammers": 64,
      "level": 1,
      "minPopulation": 1,
      "name": "Rum Distiller's House",
      "needsFather": null,
      "tableClass": 0,
      "tools": 0,
      "unused": false,
      "upkeep": 0,
    },
    "rumDistillery": {
      "chain": "distiller",
      "coastal": false,
      "hammers": 64,
      "level": 2,
      "minPopulation": 1,
      "name": "Rum Distillery",
      "needsFather": null,
      "tableClass": 0,
      "tools": 20,
      "unused": false,
      "upkeep": 5,
    },
    "rumFactory": {
      "chain": "distiller",
      "coastal": false,
      "hammers": 160,
      "level": 3,
      "minPopulation": 8,
      "name": "Rum Factory",
      "needsFather": "adamSmith",
      "tableClass": 0,
      "tools": 100,
      "unused": false,
      "upkeep": 15,
    },
    "schoolhouse": {
      "chain": "school",
      "coastal": false,
      "hammers": 64,
      "level": 1,
      "minPopulation": 4,
      "name": "Schoolhouse",
      "needsFather": null,
      "tableClass": 1,
      "tools": 0,
      "unused": false,
      "upkeep": 5,
    },
    "shipyard": {
      "chain": "docks",
      "coastal": true,
      "hammers": 240,
      "level": 3,
      "minPopulation": 8,
      "name": "Shipyard",
      "needsFather": null,
      "tableClass": 4,
      "tools": 100,
      "unused": false,
      "upkeep": 15,
    },
    "stable": {
      "chain": "stable",
      "coastal": false,
      "hammers": 64,
      "level": 1,
      "minPopulation": 1,
      "name": "Stable",
      "needsFather": null,
      "tableClass": 0,
      "tools": 0,
      "unused": false,
      "upkeep": 5,
    },
    "stockade": {
      "chain": "fortification",
      "coastal": false,
      "hammers": 64,
      "level": 1,
      "minPopulation": 3,
      "name": "Stockade",
      "needsFather": null,
      "tableClass": 3,
      "tools": 0,
      "unused": false,
      "upkeep": 0,
    },
    "textileMill": {
      "chain": "weaver",
      "coastal": false,
      "hammers": 160,
      "level": 3,
      "minPopulation": 8,
      "name": "Textile Mill",
      "needsFather": "adamSmith",
      "tableClass": 0,
      "tools": 100,
      "unused": false,
      "upkeep": 15,
    },
    "tobacconistsHouse": {
      "chain": "tobacconist",
      "coastal": false,
      "hammers": 64,
      "level": 1,
      "minPopulation": 1,
      "name": "Tobacconist's House",
      "needsFather": null,
      "tableClass": 0,
      "tools": 0,
      "unused": false,
      "upkeep": 0,
    },
    "tobacconistsShop": {
      "chain": "tobacconist",
      "coastal": false,
      "hammers": 64,
      "level": 2,
      "minPopulation": 1,
      "name": "Tobacconist's Shop",
      "needsFather": null,
      "tableClass": 0,
      "tools": 20,
      "unused": false,
      "upkeep": 5,
    },
    "townHall": {
      "chain": "townHall",
      "coastal": false,
      "hammers": 64,
      "level": 1,
      "minPopulation": 1,
      "name": "Town Hall",
      "needsFather": null,
      "tableClass": 2,
      "tools": 0,
      "unused": false,
      "upkeep": 0,
    },
    "townHall2": {
      "chain": null,
      "coastal": false,
      "hammers": 64,
      "level": 1,
      "minPopulation": 4,
      "name": "Town Hall",
      "needsFather": null,
      "tableClass": 2,
      "tools": 50,
      "unused": true,
      "upkeep": 10,
    },
    "townHall3": {
      "chain": null,
      "coastal": false,
      "hammers": 120,
      "level": 1,
      "minPopulation": 8,
      "name": "Town Hall",
      "needsFather": null,
      "tableClass": 2,
      "tools": 100,
      "unused": true,
      "upkeep": 15,
    },
    "university": {
      "chain": "school",
      "coastal": false,
      "hammers": 200,
      "level": 3,
      "minPopulation": 10,
      "name": "University",
      "needsFather": null,
      "tableClass": 1,
      "tools": 100,
      "unused": false,
      "upkeep": 15,
    },
    "warehouse": {
      "chain": "warehouse",
      "coastal": false,
      "hammers": 80,
      "level": 1,
      "minPopulation": 1,
      "name": "Warehouse",
      "needsFather": null,
      "tableClass": 1,
      "tools": 0,
      "unused": false,
      "upkeep": 5,
    },
    "warehouseExpansion": {
      "chain": "warehouse",
      "coastal": false,
      "hammers": 80,
      "level": 2,
      "minPopulation": 1,
      "name": "Warehouse Expansion",
      "needsFather": null,
      "tableClass": 1,
      "tools": 20,
      "unused": false,
      "upkeep": 5,
    },
    "weaversHouse": {
      "chain": "weaver",
      "coastal": false,
      "hammers": 64,
      "level": 1,
      "minPopulation": 1,
      "name": "Weaver's House",
      "needsFather": null,
      "tableClass": 0,
      "tools": 0,
      "unused": false,
      "upkeep": 0,
    },
    "weaversShop": {
      "chain": "weaver",
      "coastal": false,
      "hammers": 64,
      "level": 2,
      "minPopulation": 1,
      "name": "Weaver's Shop",
      "needsFather": null,
      "tableClass": 0,
      "tools": 20,
      "unused": false,
      "upkeep": 5,
    },
  },
  "BUILDING_CHAINS": {
    "armory": [
      "armory",
      "magazine",
      "arsenal",
    ],
    "blacksmith": [
      "blacksmithsHouse",
      "blacksmithsShop",
      "ironWorks",
    ],
    "carpenter": [
      "carpentersShop",
      "lumberMill",
    ],
    "church": [
      "church",
      "cathedral",
    ],
    "customHouse": [
      "customHouse",
    ],
    "distiller": [
      "rumDistillersHouse",
      "rumDistillery",
      "rumFactory",
    ],
    "docks": [
      "docks",
      "drydock",
      "shipyard",
    ],
    "fortification": [
      "stockade",
      "fort",
      "fortress",
    ],
    "furTrader": [
      "furTradersHouse",
      "furTradingPost",
      "furFactory",
    ],
    "press": [
      "printingPress",
      "newspaper",
    ],
    "school": [
      "schoolhouse",
      "college",
      "university",
    ],
    "stable": [
      "stable",
    ],
    "tobacconist": [
      "tobacconistsHouse",
      "tobacconistsShop",
      "cigarFactory",
    ],
    "townHall": [
      "townHall",
    ],
    "warehouse": [
      "warehouse",
      "warehouseExpansion",
    ],
    "weaver": [
      "weaversHouse",
      "weaversShop",
      "textileMill",
    ],
  },
  "CONVERSION_ORDER": [
    "distiller",
    "tobacconist",
    "weaver",
    "furTrader",
    "carpenter",
    "blacksmith",
    "gunsmith",
  ],
  "PRODUCTION": {
    "base": {
      "indenturedServant": 2,
      "indianConvert": 1,
      "pettyCriminal": 1,
      "skilled": 3,
    },
    "expertMultiplier": 2,
    "factoryInput": [
      2,
      3,
    ],
    "factoryLevel": 3,
    "flatExpert": 6,
    "preacherFather": "williamPenn",
    "teachers": [
      0,
      1,
      2,
      3,
    ],
    "workersPerBuilding": 3,
  },
  "TRADES": {
    "blacksmith": {
      "chain": "blacksmith",
      "expert": "masterBlacksmith",
      "input": "ore",
      "name": "Blacksmith",
      "output": "tools",
      "rule": "craft",
    },
    "carpenter": {
      "chain": "carpenter",
      "expert": "masterCarpenter",
      "input": "lumber",
      "name": "Carpenter",
      "output": "hammers",
      "rule": "flat",
    },
    "distiller": {
      "chain": "distiller",
      "expert": "masterDistiller",
      "input": "sugar",
      "name": "Distiller",
      "output": "rum",
      "rule": "craft",
    },
    "furTrader": {
      "chain": "furTrader",
      "expert": "masterFurTrader",
      "input": "furs",
      "name": "Fur Trader",
      "output": "coats",
      "rule": "craft",
    },
    "gunsmith": {
      "chain": "armory",
      "expert": "masterGunsmith",
      "input": "tools",
      "name": "Gunsmith",
      "output": "muskets",
      "rule": "craft",
    },
    "preacher": {
      "chain": "church",
      "expert": "firebrandPreacher",
      "input": null,
      "name": "Preacher",
      "output": "crosses",
      "rule": "flat",
    },
    "statesman": {
      "chain": "townHall",
      "expert": "elderStatesman",
      "input": null,
      "name": "Statesman",
      "output": "bells",
      "rule": "plain",
    },
    "teacher": {
      "chain": "school",
      "expert": "expertTeacher",
      "input": null,
      "name": "Teacher",
      "output": null,
      "rule": "none",
    },
    "tobacconist": {
      "chain": "tobacconist",
      "expert": "masterTobacconist",
      "input": "tobacco",
      "name": "Tobacconist",
      "output": "cigars",
      "rule": "craft",
    },
    "weaver": {
      "chain": "weaver",
      "expert": "masterWeaver",
      "input": "cotton",
      "name": "Weaver",
      "output": "cloth",
      "rule": "craft",
    },
  },
}
`;
