// Vitest Snapshot v1, https://vitest.dev/guide/snapshot.html

exports[`independence table > matches the snapshot 1`] = `
{
  "aidPerShip": 6,
  "aidSupport": 2,
  "crownAttackOdds": 50,
  "fewAfterVictory": 8,
  "fewAshore": 1,
  "fewInReserve": 4,
  "force": {
    "artillery": 3,
    "artilleryShift": 5,
    "cavalry": 1,
    "cavalryShift": 4,
    "colonistsPerInfantry": 10,
    "infantry": 8,
    "ships": 3,
    "spare": 4,
    "strengthMost": 255,
    "strengthScale": 8,
    "supportPerShip": 2,
    "unitsPerShip": 6,
  },
  "fortFactor": 1.5,
  "fortressFactor": 2,
  "hireLeast": 2,
  "hireLevelOffset": 3,
  "hireOdds": 3,
  "hireSpread": 6,
  "hireSupportWeight": 2,
  "interventionBells": [
    2000,
    1500,
  ],
  "lastWaveBelow": 5,
  "lostShare": 90,
  "musketRound": 50,
  "musketsPerPoint": 100,
  "musterFrom": 50,
  "musterShare": 2,
  "musterSpan": 50,
  "needEnough": 6,
  "needShift": 4,
  "perDefender": 75,
  "portsWeighed": 10,
  "sentimentNeeded": 50,
  "supportMost": 2,
  "supportShift": 3,
  "toryBonus": 25,
  "toryWeight": 2,
  "warnFewer": 3,
  "warnShare": 80,
  "waveLeast": 3,
  "waveMost": 6,
}
`;
