// Vitest Snapshot v1, https://vitest.dev/guide/snapshot.html

exports[`native war tables > match the snapshot 1`] = `
{
  "NATIVE_WAR": {
    "appeasedAlarm": 70,
    "attackAlarm": 5,
    "attackedSettlementAlarm": 256,
    "begFoodAtLeast": 75,
    "begRelief": 5,
    "burnedColonyAlarm": -50,
    "capitalFactor": 6,
    "cowedAlarm": 15,
    "foodGiftUpTo": 75,
    "foodGiftWhenAtMost": 25,
    "friendlyAlarmFrom": 25,
    "friendlyDie": 328,
    "giftFloor": 2,
    "giftLeast": 5,
    "giftMost": 100,
    "mountBreeding": 50,
    "mountedDefenderBreeding": 25,
    "raidAlarm": {
      "building": -12,
      "gold": -8,
      "goods": -4,
      "ship": -16,
    },
    "raidDie": 12,
    "raidGoldMinimum": 50,
    "raidHorsesBreeding": 25,
    "raidMercyTurns": [
      80,
      40,
    ],
    "raidPerFort": 3,
    "raidStockMinimum": 10,
    "refusalAlarm": 128,
    "reparationBreeding": 50,
    "settlementFactor": 2,
    "wonColonyAlarm": -10,
    "wonUnitAlarm": -5,
  },
  "RAID_SPARES": [
    "stockade",
    "fort",
    "fortress",
    "townHall",
    "carpentersShop",
    "weaversHouse",
    "tobacconistsHouse",
    "rumDistillersHouse",
    "furTradersHouse",
    "blacksmithsHouse",
  ],
  "TREASURE": {
    "aztec": {
      "capitalHigh": 10,
      "capitalLow": 4,
      "cortes": 6,
      "high": 6,
      "low": 2,
      "spain": 3,
      "unit": 1000,
    },
    "camp": {
      "high": 4,
      "low": 2,
      "odds": 7,
      "spainOdds": 4,
      "unit": 100,
    },
    "capitalFactor": 2,
    "cortesHalf": 2,
    "inca": {
      "base": 16,
      "capitalBase": 25,
      "cortes": 10,
      "high": 6,
      "low": 2,
      "spain": 5,
      "unit": 100,
    },
    "village": {
      "high": 8,
      "low": 3,
      "odds": 3,
      "spainOdds": 3,
      "unit": 100,
    },
  },
}
`;
