// Vitest Snapshot v1, https://vitest.dev/guide/snapshot.html

exports[`native trade tables > match the snapshot 1`] = `
{
  "EUROPE_PRICED": [
    "silver",
    "horses",
    "rum",
    "cigars",
    "cloth",
    "coats",
    "tradeGoods",
    "tools",
    "muskets",
  ],
  "MADE_GOODS": [
    "rum",
    "cigars",
    "cloth",
    "coats",
    "tradeGoods",
    "tools",
    "muskets",
  ],
  "NATIVE_TRADE": {
    "alarmSurcharge": 4,
    "armsLots": [
      25,
      50,
    ],
    "breedingDivisor": 4,
    "buyMinimum": 50,
    "europeFactor": 15,
    "fullLot": 100,
    "haggleDivisor": 4,
    "haggleFloor": 10,
    "horsesFrom": 10,
    "hostileDie": 500,
    "keenness": 6,
    "keennessMade": 7,
    "madePriceStep": 50,
    "moodDie": 5,
    "musketsFrom": 12,
    "neverSold": [
      "food",
      "tradeGoods",
      "tools",
      "muskets",
    ],
    "offered": 3,
    "rawPrice": 200,
    "shipDivisor": 4,
    "strongDemand": 20,
    "supplyDiscount": 4,
    "toolsBonus": 1,
    "tradeGoodsDrop": 7,
    "values": [
      "low quality",
      "good",
      "fine",
      "excellent",
    ],
  },
  "RAW_PRICED": [
    "food",
    "sugar",
    "tobacco",
    "cotton",
    "furs",
    "lumber",
    "ore",
    "silver",
  ],
}
`;
