// Vitest Snapshot v1, https://vitest.dev/guide/snapshot.html

exports[`market table > matches the snapshot and covers every good 1`] = `
{
  "IMMIGRANT_CLASSES": {
    "educatedElite": {
      "cost": 2000,
      "name": "Educated Elite",
    },
    "hardyPioneers": {
      "cost": 1450,
      "name": "Hardy Pioneers",
    },
    "indenturedServants": {
      "cost": 400,
      "name": "Indentured Servants",
    },
    "peasantFarmers": {
      "cost": 600,
      "name": "Peasant Farmers",
    },
    "pettyCriminals": {
      "cost": 300,
      "name": "Petty Criminals",
    },
    "skilledCraftsmen": {
      "cost": 800,
      "name": "Skilled Craftsmen",
    },
    "townMerchants": {
      "cost": 1500,
      "name": "Town Merchants",
    },
    "trainedMercenaries": {
      "cost": 1900,
      "name": "Trained Mercenaries",
    },
  },
  "MARKET": {
    "cigars": {
      "attrition": -11,
      "burden": 0,
      "fall": 4,
      "high": 20,
      "low": 1,
      "rise": 4,
      "start": [
        11,
        13,
      ],
      "volatility": 1,
    },
    "cloth": {
      "attrition": -13,
      "burden": 0,
      "fall": 4,
      "high": 20,
      "low": 1,
      "rise": 4,
      "start": [
        11,
        13,
      ],
      "volatility": 1,
    },
    "coats": {
      "attrition": -11,
      "burden": 0,
      "fall": 4,
      "high": 20,
      "low": 1,
      "rise": 4,
      "start": [
        11,
        13,
      ],
      "volatility": 1,
    },
    "cotton": {
      "attrition": -11,
      "burden": 1,
      "fall": 6,
      "high": 5,
      "low": 2,
      "rise": 4,
      "start": [
        2,
        5,
      ],
      "volatility": 1,
    },
    "food": {
      "attrition": -1,
      "burden": 7,
      "fall": 2,
      "high": 6,
      "low": 1,
      "rise": 3,
      "start": [
        1,
        3,
      ],
      "volatility": 0,
    },
    "furs": {
      "attrition": -13,
      "burden": 1,
      "fall": 20,
      "high": 6,
      "low": 2,
      "rise": 4,
      "start": [
        4,
        6,
      ],
      "volatility": 1,
    },
    "horses": {
      "attrition": -3,
      "burden": 0,
      "fall": 2,
      "high": 11,
      "low": 2,
      "rise": 3,
      "start": [
        2,
        3,
      ],
      "volatility": 0,
    },
    "lumber": {
      "attrition": 0,
      "burden": 4,
      "fall": 2,
      "high": 2,
      "low": 2,
      "rise": 3,
      "start": [
        2,
        2,
      ],
      "volatility": 0,
    },
    "muskets": {
      "attrition": 6,
      "burden": 0,
      "fall": 2,
      "high": 20,
      "low": 2,
      "rise": 2,
      "start": [
        3,
        3,
      ],
      "volatility": 0,
    },
    "ore": {
      "attrition": -7,
      "burden": 2,
      "fall": 4,
      "high": 6,
      "low": 2,
      "rise": 2,
      "start": [
        3,
        6,
      ],
      "volatility": 0,
    },
    "rum": {
      "attrition": -12,
      "burden": 0,
      "fall": 4,
      "high": 20,
      "low": 1,
      "rise": 4,
      "start": [
        11,
        13,
      ],
      "volatility": 1,
    },
    "silver": {
      "attrition": -8,
      "burden": 0,
      "fall": 1,
      "high": 20,
      "low": 2,
      "rise": 8,
      "start": [
        20,
        20,
      ],
      "volatility": 2,
    },
    "sugar": {
      "attrition": -8,
      "burden": 1,
      "fall": 6,
      "high": 7,
      "low": 3,
      "rise": 4,
      "start": [
        4,
        7,
      ],
      "volatility": 1,
    },
    "tobacco": {
      "attrition": -10,
      "burden": 1,
      "fall": 8,
      "high": 5,
      "low": 2,
      "rise": 4,
      "start": [
        3,
        5,
      ],
      "volatility": 1,
    },
    "tools": {
      "attrition": 5,
      "burden": 0,
      "fall": 2,
      "high": 9,
      "low": 2,
      "rise": 2,
      "start": [
        2,
        2,
      ],
      "volatility": 0,
    },
    "tradeGoods": {
      "attrition": 4,
      "burden": 0,
      "fall": 3,
      "high": 12,
      "low": 2,
      "rise": 2,
      "start": [
        2,
        3,
      ],
      "volatility": 0,
    },
  },
}
`;

exports[`nations > lists the four powers with their names, ports and leaders 1`] = `
{
  "england": {
    "abbreviation": "Eng.",
    "adjective": "English",
    "colonyName": "New England",
    "color": "#c8322b",
    "colorIndex": 12,
    "homePort": "London",
    "independentName": "United States of America",
    "leader": "Walter Raleigh",
    "leaderTraits": {
      "aggressive": 1,
      "civilizing": 0,
      "expansionist": -1,
    },
    "missionPrefix": "Church of",
    "name": "England",
    "ruler": "Queen",
    "strength": "Immigration: a third fewer crosses bring each new colonist.",
  },
  "france": {
    "abbreviation": "Fr.",
    "adjective": "French",
    "colonyName": "New France",
    "color": "#2f5fc4",
    "colorIndex": 9,
    "homePort": "La Rochelle",
    "independentName": "Republic of Quebec",
    "leader": "Jacques Cartier",
    "leaderTraits": {
      "aggressive": 0,
      "civilizing": 0,
      "expansionist": 1,
    },
    "missionPrefix": "Sainte Marie de",
    "name": "France",
    "ruler": "King",
    "strength": "Cooperation: native alarm rises half as fast.",
  },
  "netherlands": {
    "abbreviation": "Dutch",
    "adjective": "Dutch",
    "colonyName": "New Netherlands",
    "color": "#d9812e",
    "colorIndex": 13,
    "homePort": "Amsterdam",
    "independentName": "Republic of Surinam",
    "leader": "Michiel De Ruyter",
    "leaderTraits": {
      "aggressive": -1,
      "civilizing": 1,
      "expansionist": 0,
    },
    "missionPrefix": "Church of",
    "name": "Netherlands",
    "ruler": "Stadtholder",
    "strength": "Trade: prices in Amsterdam fall more slowly and recover sooner.",
  },
  "spain": {
    "abbreviation": "Span.",
    "adjective": "Spanish",
    "colonyName": "New Spain",
    "color": "#d9c23c",
    "colorIndex": 14,
    "homePort": "Seville",
    "independentName": "Republic of Mexico",
    "leader": "Christopher Columbus",
    "leaderTraits": {
      "aggressive": 1,
      "civilizing": -1,
      "expansionist": 0,
    },
    "missionPrefix": "Santa Maria del",
    "name": "Spain",
    "ruler": "King",
    "strength": "Conquest: half again the strength when attacking native settlements.",
  },
}
`;
