// Vitest Snapshot v1, https://vitest.dev/guide/snapshot.html

exports[`nations table > matches the snapshot 1`] = `
{
  "NATIONS": {
    "england": {
      "abbreviation": "Eng.",
      "account": "Quarrels over religion at home send dissenters across the ocean by the shipload, and the English colonies fill faster than any other. A third fewer crosses bring each new colonist to the docks.",
      "adjective": "English",
      "colonyName": "New England",
      "color": "#c8322b",
      "colorIndex": 12,
      "court": "the Queen of England",
      "homePort": "London",
      "independentName": "United States of America",
      "leader": "Walter Raleigh",
      "leaderTraits": {
        "aggressive": 1,
        "civilizing": 0,
        "expansionist": -1,
      },
      "missionPrefix": "Church of",
      "name": "England",
      "ruler": "Queen",
      "strength": "Immigration: a third fewer crosses bring each new colonist.",
    },
    "france": {
      "abbreviation": "Fr.",
      "account": "Small posts and missions among the forest peoples, trading in furs rather than clearing farms, keep the French on good terms with their neighbours. Native alarm at French colonies and units rises at half the usual rate, and the first pioneer is a hardy one.",
      "adjective": "French",
      "colonyName": "New France",
      "color": "#2f5fc4",
      "colorIndex": 9,
      "court": "the King of France",
      "homePort": "La Rochelle",
      "independentName": "Republic of Quebec",
      "leader": "Jacques Cartier",
      "leaderTraits": {
        "aggressive": 0,
        "civilizing": 0,
        "expansionist": 1,
      },
      "missionPrefix": "Sainte Marie de",
      "name": "France",
      "ruler": "King",
      "strength": "Cooperation: native alarm rises half as fast.",
    },
    "netherlands": {
      "abbreviation": "Dutch",
      "account": "A republic of merchants with the largest fleet in Europe, the Dutch make trade the whole of their policy. Prices in Amsterdam fall more slowly when goods are sold and recover sooner, and the first ship is a Merchantman.",
      "adjective": "Dutch",
      "colonyName": "New Netherlands",
      "color": "#d9812e",
      "colorIndex": 13,
      "court": "the Stadtholder of the Netherlands",
      "homePort": "Amsterdam",
      "independentName": "Republic of Surinam",
      "leader": "Michiel De Ruyter",
      "leaderTraits": {
        "aggressive": -1,
        "civilizing": 1,
        "expansionist": 0,
      },
      "missionPrefix": "Church of",
      "name": "Netherlands",
      "ruler": "Stadtholder",
      "strength": "Trade: prices in Amsterdam fall more slowly and recover sooner.",
    },
    "spain": {
      "abbreviation": "Span.",
      "account": "A generation of soldiers left idle by the end of the Reconquista looks west for gold and takes it by force. Spanish troops fight half again as strong when attacking a native settlement, and the first soldier is a veteran.",
      "adjective": "Spanish",
      "colonyName": "New Spain",
      "color": "#d9c23c",
      "colorIndex": 14,
      "court": "the King of Spain",
      "homePort": "Seville",
      "independentName": "Republic of Mexico",
      "leader": "Christopher Columbus",
      "leaderTraits": {
        "aggressive": 1,
        "civilizing": -1,
        "expansionist": 0,
      },
      "missionPrefix": "Santa Maria del",
      "name": "Spain",
      "ruler": "King",
      "strength": "Conquest: half again the strength when attacking native settlements.",
    },
  },
  "STARTING_FORCE": {
    "hardyPioneer": [
      "france",
    ],
    "humanVeteranBelowLevel": 2,
    "ship": {
      "england": "caravel",
      "france": "caravel",
      "netherlands": "merchantman",
      "spain": "caravel",
    },
    "veteranSoldier": [
      "spain",
    ],
  },
}
`;
