// Vitest Snapshot v1, https://vitest.dev/guide/snapshot.html

exports[`terrain table > matches the snapshot 1`] = `
{
  "arctic": {
    "aiValue": 0,
    "defense": 0,
    "improve": 4,
    "kind": "other",
    "moveCost": 2,
    "name": "Arctic",
    "water": false,
    "yields": {
      "cotton": 0,
      "fish": 0,
      "food": 0,
      "furs": 0,
      "lumber": 0,
      "ore": 0,
      "silver": 0,
      "sugar": 0,
      "tobacco": 0,
    },
  },
  "boreal": {
    "aiValue": 3,
    "defense": 2,
    "improve": 4,
    "kind": "forest",
    "moveCost": 2,
    "name": "Boreal Forest",
    "water": false,
    "yields": {
      "cotton": 0,
      "fish": 0,
      "food": 1,
      "furs": 3,
      "lumber": 2,
      "ore": 1,
      "silver": 0,
      "sugar": 0,
      "tobacco": 0,
    },
  },
  "broadleaf": {
    "aiValue": 3,
    "defense": 2,
    "improve": 4,
    "kind": "forest",
    "moveCost": 2,
    "name": "Broadleaf Forest",
    "water": false,
    "yields": {
      "cotton": 1,
      "fish": 0,
      "food": 1,
      "furs": 2,
      "lumber": 2,
      "ore": 0,
      "silver": 0,
      "sugar": 0,
      "tobacco": 0,
    },
  },
  "conifer": {
    "aiValue": 3,
    "defense": 2,
    "improve": 4,
    "kind": "forest",
    "moveCost": 2,
    "name": "Conifer Forest",
    "water": false,
    "yields": {
      "cotton": 0,
      "fish": 0,
      "food": 1,
      "furs": 2,
      "lumber": 3,
      "ore": 0,
      "silver": 0,
      "sugar": 0,
      "tobacco": 1,
    },
  },
  "desert": {
    "aiValue": 2,
    "defense": 0,
    "improve": 3,
    "kind": "open",
    "moveCost": 1,
    "name": "Desert",
    "water": false,
    "yields": {
      "cotton": 1,
      "fish": 0,
      "food": 1,
      "furs": 0,
      "lumber": 0,
      "ore": 2,
      "silver": 0,
      "sugar": 0,
      "tobacco": 0,
    },
  },
  "grassland": {
    "aiValue": 4,
    "defense": 0,
    "improve": 3,
    "kind": "open",
    "moveCost": 1,
    "name": "Grassland",
    "water": false,
    "yields": {
      "cotton": 0,
      "fish": 0,
      "food": 2,
      "furs": 0,
      "lumber": 0,
      "ore": 0,
      "silver": 0,
      "sugar": 0,
      "tobacco": 3,
    },
  },
  "hills": {
    "aiValue": 2,
    "defense": 4,
    "improve": 4,
    "kind": "other",
    "moveCost": 2,
    "name": "Hills",
    "water": false,
    "yields": {
      "cotton": 0,
      "fish": 0,
      "food": 1,
      "furs": 0,
      "lumber": 0,
      "ore": 4,
      "silver": 0,
      "sugar": 0,
      "tobacco": 0,
    },
  },
  "marsh": {
    "aiValue": 2,
    "defense": 1,
    "improve": 5,
    "kind": "open",
    "moveCost": 2,
    "name": "Marsh",
    "water": false,
    "yields": {
      "cotton": 0,
      "fish": 0,
      "food": 2,
      "furs": 0,
      "lumber": 0,
      "ore": 2,
      "silver": 0,
      "sugar": 0,
      "tobacco": 2,
    },
  },
  "mixed": {
    "aiValue": 3,
    "defense": 2,
    "improve": 4,
    "kind": "forest",
    "moveCost": 2,
    "name": "Mixed Forest",
    "water": false,
    "yields": {
      "cotton": 1,
      "fish": 0,
      "food": 2,
      "furs": 3,
      "lumber": 3,
      "ore": 0,
      "silver": 0,
      "sugar": 0,
      "tobacco": 0,
    },
  },
  "mountains": {
    "aiValue": 2,
    "defense": 6,
    "improve": 7,
    "kind": "other",
    "moveCost": 3,
    "name": "Mountains",
    "water": false,
    "yields": {
      "cotton": 0,
      "fish": 0,
      "food": 0,
      "furs": 0,
      "lumber": 0,
      "ore": 4,
      "silver": 1,
      "sugar": 0,
      "tobacco": 0,
    },
  },
  "ocean": {
    "aiValue": 3,
    "defense": 0,
    "improve": 2,
    "kind": "other",
    "moveCost": 1,
    "name": "Ocean",
    "water": true,
    "yields": {
      "cotton": 0,
      "fish": 3,
      "food": 0,
      "furs": 0,
      "lumber": 0,
      "ore": 0,
      "silver": 0,
      "sugar": 0,
      "tobacco": 0,
    },
  },
  "plains": {
    "aiValue": 4,
    "defense": 0,
    "improve": 3,
    "kind": "open",
    "moveCost": 1,
    "name": "Plains",
    "water": false,
    "yields": {
      "cotton": 2,
      "fish": 0,
      "food": 4,
      "furs": 0,
      "lumber": 0,
      "ore": 1,
      "silver": 0,
      "sugar": 0,
      "tobacco": 0,
    },
  },
  "prairie": {
    "aiValue": 4,
    "defense": 0,
    "improve": 3,
    "kind": "open",
    "moveCost": 1,
    "name": "Prairie",
    "water": false,
    "yields": {
      "cotton": 3,
      "fish": 0,
      "food": 2,
      "furs": 0,
      "lumber": 0,
      "ore": 0,
      "silver": 0,
      "sugar": 0,
      "tobacco": 0,
    },
  },
  "rain": {
    "aiValue": 1,
    "defense": 3,
    "improve": 7,
    "kind": "forest",
    "moveCost": 3,
    "name": "Rain Forest",
    "water": false,
    "yields": {
      "cotton": 0,
      "fish": 0,
      "food": 1,
      "furs": 1,
      "lumber": 2,
      "ore": 1,
      "silver": 0,
      "sugar": 1,
      "tobacco": 0,
    },
  },
  "savannah": {
    "aiValue": 4,
    "defense": 0,
    "improve": 3,
    "kind": "open",
    "moveCost": 1,
    "name": "Savannah",
    "water": false,
    "yields": {
      "cotton": 0,
      "fish": 0,
      "food": 3,
      "furs": 0,
      "lumber": 0,
      "ore": 0,
      "silver": 0,
      "sugar": 3,
      "tobacco": 0,
    },
  },
  "scrub": {
    "aiValue": 1,
    "defense": 2,
    "improve": 4,
    "kind": "forest",
    "moveCost": 1,
    "name": "Scrub Forest",
    "water": false,
    "yields": {
      "cotton": 1,
      "fish": 0,
      "food": 1,
      "furs": 2,
      "lumber": 1,
      "ore": 1,
      "silver": 0,
      "sugar": 0,
      "tobacco": 0,
    },
  },
  "seaLane": {
    "aiValue": 0,
    "defense": 0,
    "improve": 2,
    "kind": "other",
    "moveCost": 1,
    "name": "Sea Lane",
    "water": true,
    "yields": {
      "cotton": 0,
      "fish": 3,
      "food": 0,
      "furs": 0,
      "lumber": 0,
      "ore": 0,
      "silver": 0,
      "sugar": 0,
      "tobacco": 0,
    },
  },
  "swamp": {
    "aiValue": 2,
    "defense": 1,
    "improve": 7,
    "kind": "open",
    "moveCost": 2,
    "name": "Swamp",
    "water": false,
    "yields": {
      "cotton": 0,
      "fish": 0,
      "food": 2,
      "furs": 0,
      "lumber": 0,
      "ore": 2,
      "silver": 0,
      "sugar": 2,
      "tobacco": 0,
    },
  },
  "tropical": {
    "aiValue": 3,
    "defense": 2,
    "improve": 6,
    "kind": "forest",
    "moveCost": 2,
    "name": "Tropical Forest",
    "water": false,
    "yields": {
      "cotton": 0,
      "fish": 0,
      "food": 2,
      "furs": 2,
      "lumber": 2,
      "ore": 0,
      "silver": 0,
      "sugar": 1,
      "tobacco": 0,
    },
  },
  "tundra": {
    "aiValue": 2,
    "defense": 0,
    "improve": 4,
    "kind": "open",
    "moveCost": 1,
    "name": "Tundra",
    "water": false,
    "yields": {
      "cotton": 0,
      "fish": 0,
      "food": 2,
      "furs": 0,
      "lumber": 0,
      "ore": 2,
      "silver": 0,
      "sugar": 0,
      "tobacco": 0,
    },
  },
  "wetland": {
    "aiValue": 1,
    "defense": 2,
    "improve": 6,
    "kind": "forest",
    "moveCost": 3,
    "name": "Wetland Forest",
    "water": false,
    "yields": {
      "cotton": 0,
      "fish": 0,
      "food": 1,
      "furs": 2,
      "lumber": 2,
      "ore": 1,
      "silver": 0,
      "sugar": 0,
      "tobacco": 1,
    },
  },
}
`;
