// Vitest Snapshot v1, https://vitest.dev/guide/snapshot.html

exports[`tribes table > matches the snapshot 1`] = `
{
  "ATTITUDES": [
    "Content",
    "Uneasy",
    "Restless",
    "Angry",
    "War",
  ],
  "ATTITUDE_ADVERBS": [
    "Extremely",
    "Very",
    "Rather",
    "Somewhat",
    "Slightly",
  ],
  "CAPITAL_NAME": {
    "plural": "Capitals",
    "settlement": "Capital",
  },
  "MAX_SETTLEMENTS": 84,
  "NATIVES": {
    "alarmLevels": [
      25,
      50,
      75,
    ],
    "alarmMax": 100,
    "bravesPerSettlement": 1,
    "capitalExtra": 1,
    "contactAlarmCap": 20,
    "growthAt": 20,
    "populationBase": 3,
    "populationPerTech": 2,
    "settlementHostile": 128,
    "settlementWary": 64,
    "startAlarmPerLevel": 2,
    "startAlarmSpread": 14,
  },
  "OTHER_TRIBE_NAMES": [
    "Maya",
    "Toltec",
    "Kiowa",
    "Huron",
    "Hopi",
    "Navajo",
    "Cheyenne",
    "Cree",
    "Algonquin",
    "Powhatan",
    "Delaware",
    "Shawnee",
    "Illinois",
    "Chickasaw",
    "Choctaw",
    "Seminole",
    "Mohican",
    "Zapotec",
  ],
  "TECH_LEVELS": [
    {
      "name": "Semi-Nomadic",
      "plural": "Camps",
      "settlement": "Camp",
    },
    {
      "name": "Agrarian",
      "plural": "Villages",
      "settlement": "Village",
    },
    {
      "name": "Advanced",
      "plural": "Cities",
      "settlement": "City",
    },
    {
      "name": "Civilized",
      "plural": "Cities",
      "settlement": "City",
    },
  ],
  "TRIBES": {
    "apache": {
      "adjective": "Apache",
      "colorIndex": 111,
      "landRadius": 1,
      "name": "Apache",
      "tech": 0,
      "treasure": "Beads",
    },
    "arawak": {
      "adjective": "Arawak",
      "colorIndex": 54,
      "landRadius": 1,
      "name": "Arawaks",
      "tech": 1,
      "treasure": "Bone Jewelry",
    },
    "aztec": {
      "adjective": "Aztec",
      "colorIndex": 149,
      "landRadius": 2,
      "name": "Aztecs",
      "tech": 2,
      "treasure": "Gold Bars",
    },
    "cherokee": {
      "adjective": "Cherokee",
      "colorIndex": 67,
      "landRadius": 1,
      "name": "Cherokee",
      "tech": 1,
      "treasure": "Turquoise",
    },
    "inca": {
      "adjective": "Inca",
      "colorIndex": 97,
      "landRadius": 3,
      "name": "Incas",
      "tech": 3,
      "treasure": "Jewelled Relics",
    },
    "iroquois": {
      "adjective": "Iroquois",
      "colorIndex": 87,
      "landRadius": 1,
      "name": "Iroquois",
      "tech": 1,
      "treasure": "Wood Carvings",
    },
    "sioux": {
      "adjective": "Sioux",
      "colorIndex": 118,
      "landRadius": 1,
      "name": "Sioux",
      "tech": 0,
      "treasure": "Beads",
    },
    "tupi": {
      "adjective": "Tupi",
      "colorIndex": 71,
      "landRadius": 1,
      "name": "Tupi",
      "tech": 0,
      "treasure": "Gems",
    },
  },
}
`;
