// Vitest Snapshot v1, https://vitest.dev/guide/snapshot.html

exports[`profession table > matches the snapshot 1`] = `
{
  "elderStatesman": {
    "colonist": true,
    "europePrice": 1900,
    "expertGood": null,
    "expertRole": null,
    "job": "Statesman",
    "name": "Elder Statesman",
    "nativeTaught": false,
    "plural": "Elder Statesmen",
    "teachLevel": 3,
  },
  "expertFarmer": {
    "colonist": true,
    "europePrice": 1100,
    "expertGood": "food",
    "expertRole": null,
    "job": "Farmer",
    "name": "Expert Farmer",
    "nativeTaught": true,
    "plural": "Expert Farmers",
    "teachLevel": 1,
  },
  "expertFisherman": {
    "colonist": true,
    "europePrice": 1000,
    "expertGood": "fish",
    "expertRole": null,
    "job": "Fisherman",
    "name": "Expert Fisherman",
    "nativeTaught": true,
    "plural": "Expert Fishermen",
    "teachLevel": 1,
  },
  "expertFurTrapper": {
    "colonist": true,
    "europePrice": null,
    "expertGood": "furs",
    "expertRole": null,
    "job": "Fur Trapper",
    "name": "Expert Fur Trapper",
    "nativeTaught": true,
    "plural": "Expert Fur Trappers",
    "teachLevel": 1,
  },
  "expertLumberjack": {
    "colonist": true,
    "europePrice": 700,
    "expertGood": "lumber",
    "expertRole": null,
    "job": "Lumberjack",
    "name": "Expert Lumberjack",
    "nativeTaught": false,
    "plural": "Expert Lumberjacks",
    "teachLevel": 1,
  },
  "expertOreMiner": {
    "colonist": true,
    "europePrice": 600,
    "expertGood": "ore",
    "expertRole": null,
    "job": "Ore Miner",
    "name": "Expert Ore Miner",
    "nativeTaught": true,
    "plural": "Expert Ore Miners",
    "teachLevel": 1,
  },
  "expertSilverMiner": {
    "colonist": true,
    "europePrice": 900,
    "expertGood": "silver",
    "expertRole": null,
    "job": "Silver Miner",
    "name": "Expert Silver Miner",
    "nativeTaught": true,
    "plural": "Expert Silver Miners",
    "teachLevel": 1,
  },
  "expertTeacher": {
    "colonist": false,
    "europePrice": null,
    "expertGood": null,
    "expertRole": null,
    "job": "Teacher",
    "name": "Expert Teacher",
    "nativeTaught": false,
    "plural": "Expert Teachers",
    "teachLevel": 4,
  },
  "firebrandPreacher": {
    "colonist": true,
    "europePrice": 1500,
    "expertGood": null,
    "expertRole": null,
    "job": "Preacher",
    "name": "Firebrand Preacher",
    "nativeTaught": false,
    "plural": "Firebrand Preachers",
    "teachLevel": 3,
  },
  "freeColonist": {
    "colonist": true,
    "europePrice": null,
    "expertGood": null,
    "expertRole": null,
    "job": "Colonist",
    "name": "Free Colonist",
    "nativeTaught": false,
    "plural": "Free Colonists",
    "teachLevel": 4,
  },
  "hardyPioneer": {
    "colonist": true,
    "europePrice": 1200,
    "expertGood": null,
    "expertRole": "pioneer",
    "job": "Pioneer",
    "name": "Hardy Pioneer",
    "nativeTaught": false,
    "plural": "Hardy Pioneers",
    "teachLevel": 1,
  },
  "indenturedServant": {
    "colonist": true,
    "europePrice": null,
    "expertGood": null,
    "expertRole": null,
    "job": "Ind. Servant",
    "name": "Indentured Servant",
    "nativeTaught": false,
    "plural": "Indentured Servants",
    "teachLevel": 4,
  },
  "indianConvert": {
    "colonist": true,
    "europePrice": null,
    "expertGood": null,
    "expertRole": null,
    "job": "Convert",
    "name": "Indian Convert",
    "nativeTaught": false,
    "plural": "Indian Converts",
    "teachLevel": 4,
  },
  "jesuitMissionary": {
    "colonist": true,
    "europePrice": 1400,
    "expertGood": null,
    "expertRole": "missionary",
    "job": "Missionary",
    "name": "Jesuit Missionary",
    "nativeTaught": false,
    "plural": "Jesuit Missionaries",
    "teachLevel": 3,
  },
  "masterBlacksmith": {
    "colonist": true,
    "europePrice": 1050,
    "expertGood": null,
    "expertRole": null,
    "job": "Blacksmith",
    "name": "Master Blacksmith",
    "nativeTaught": false,
    "plural": "Master Blacksmiths",
    "teachLevel": 2,
  },
  "masterCarpenter": {
    "colonist": true,
    "europePrice": 1000,
    "expertGood": null,
    "expertRole": null,
    "job": "Carpenter",
    "name": "Master Carpenter",
    "nativeTaught": false,
    "plural": "Master Carpenters",
    "teachLevel": 1,
  },
  "masterCottonPlanter": {
    "colonist": true,
    "europePrice": null,
    "expertGood": "cotton",
    "expertRole": null,
    "job": "Cotton Planter",
    "name": "Master Cotton Planter",
    "nativeTaught": true,
    "plural": "Master Cotton Planters",
    "teachLevel": 2,
  },
  "masterDistiller": {
    "colonist": true,
    "europePrice": 1100,
    "expertGood": null,
    "expertRole": null,
    "job": "Distiller",
    "name": "Master Distiller",
    "nativeTaught": false,
    "plural": "Master Distillers",
    "teachLevel": 2,
  },
  "masterFurTrader": {
    "colonist": true,
    "europePrice": 950,
    "expertGood": null,
    "expertRole": null,
    "job": "Fur Trader",
    "name": "Master Fur Trader",
    "nativeTaught": false,
    "plural": "Master Fur Traders",
    "teachLevel": 2,
  },
  "masterGunsmith": {
    "colonist": true,
    "europePrice": 850,
    "expertGood": null,
    "expertRole": null,
    "job": "Gunsmith",
    "name": "Master Gunsmith",
    "nativeTaught": false,
    "plural": "Master Gunsmiths",
    "teachLevel": 2,
  },
  "masterSugarPlanter": {
    "colonist": true,
    "europePrice": null,
    "expertGood": "sugar",
    "expertRole": null,
    "job": "Sugar Planter",
    "name": "Master Sugar Planter",
    "nativeTaught": true,
    "plural": "Master Sugar Planters",
    "teachLevel": 2,
  },
  "masterTobaccoPlanter": {
    "colonist": true,
    "europePrice": null,
    "expertGood": "tobacco",
    "expertRole": null,
    "job": "Tobacco Planter",
    "name": "Master Tobacco Planter",
    "nativeTaught": true,
    "plural": "Master Tobacco Planters",
    "teachLevel": 2,
  },
  "masterTobacconist": {
    "colonist": true,
    "europePrice": 1200,
    "expertGood": null,
    "expertRole": null,
    "job": "Tobacconist",
    "name": "Master Tobacconist",
    "nativeTaught": false,
    "plural": "Master Tobacconists",
    "teachLevel": 2,
  },
  "masterWeaver": {
    "colonist": true,
    "europePrice": 1300,
    "expertGood": null,
    "expertRole": null,
    "job": "Weaver",
    "name": "Master Weaver",
    "nativeTaught": false,
    "plural": "Master Weavers",
    "teachLevel": 2,
  },
  "pettyCriminal": {
    "colonist": true,
    "europePrice": null,
    "expertGood": null,
    "expertRole": null,
    "job": "Criminal",
    "name": "Petty Criminal",
    "nativeTaught": false,
    "plural": "Petty Criminals",
    "teachLevel": 4,
  },
  "seasonedScout": {
    "colonist": true,
    "europePrice": null,
    "expertGood": null,
    "expertRole": "scout",
    "job": "Scout",
    "name": "Seasoned Scout",
    "nativeTaught": true,
    "plural": "Seasoned Scouts",
    "teachLevel": 1,
  },
  "veteranDragoon": {
    "colonist": false,
    "europePrice": null,
    "expertGood": null,
    "expertRole": "dragoon",
    "job": "Dragoon",
    "name": "Veteran Dragoon",
    "nativeTaught": false,
    "plural": "Veteran Dragoons",
    "teachLevel": 2,
  },
  "veteranSoldier": {
    "colonist": true,
    "europePrice": 2000,
    "expertGood": null,
    "expertRole": "soldier",
    "job": "Soldier",
    "name": "Veteran Soldier",
    "nativeTaught": false,
    "plural": "Veteran Soldiers",
    "teachLevel": 2,
  },
}
`;

exports[`unit table > matches the snapshot 1`] = `
{
  "armedBrave": {
    "aiRoles": [
      "explore",
      "attack",
      "defend",
    ],
    "attack": 2,
    "build": null,
    "colonistRole": false,
    "cost": 2,
    "defense": 2,
    "domain": "land",
    "equipment": {
      "horses": 0,
      "muskets": 50,
      "tools": 0,
    },
    "europePrice": null,
    "guns": 0,
    "holds": 0,
    "hull": 0,
    "moves": 1,
    "name": "Armed Braves",
    "native": true,
    "sight": 1,
    "size": 0,
    "toolsCost": 0,
  },
  "artillery": {
    "aiRoles": [
      "attack",
      "defend",
    ],
    "attack": 7,
    "build": {
      "hammers": 192,
      "tools": 40,
    },
    "colonistRole": false,
    "cost": 6,
    "defense": 5,
    "domain": "land",
    "equipment": {
      "horses": 0,
      "muskets": 0,
      "tools": 0,
    },
    "europePrice": 500,
    "guns": 0,
    "holds": 0,
    "hull": 0,
    "moves": 1,
    "name": "Artillery",
    "native": false,
    "sight": 1,
    "size": 1,
    "toolsCost": 4,
  },
  "brave": {
    "aiRoles": [
      "explore",
      "attack",
      "defend",
    ],
    "attack": 1,
    "build": null,
    "colonistRole": false,
    "cost": 1,
    "defense": 1,
    "domain": "land",
    "equipment": {
      "horses": 0,
      "muskets": 0,
      "tools": 0,
    },
    "europePrice": null,
    "guns": 0,
    "holds": 0,
    "hull": 0,
    "moves": 1,
    "name": "Braves",
    "native": true,
    "sight": 1,
    "size": 0,
    "toolsCost": 0,
  },
  "caravel": {
    "aiRoles": [
      "invade",
      "explore",
      "transport",
    ],
    "attack": 0,
    "build": {
      "hammers": 128,
      "tools": 40,
    },
    "colonistRole": false,
    "cost": 4,
    "defense": 2,
    "domain": "sea",
    "equipment": {
      "horses": 0,
      "muskets": 0,
      "tools": 0,
    },
    "europePrice": 1000,
    "guns": 0,
    "holds": 2,
    "hull": 4,
    "moves": 4,
    "name": "Caravel",
    "native": false,
    "sight": 1,
    "size": 99,
    "toolsCost": 4,
  },
  "cavalry": {
    "aiRoles": [
      "attack",
      "defend",
      "escort",
    ],
    "attack": 6,
    "build": null,
    "colonistRole": false,
    "cost": 4,
    "defense": 6,
    "domain": "land",
    "equipment": {
      "horses": 0,
      "muskets": 0,
      "tools": 0,
    },
    "europePrice": null,
    "guns": 0,
    "holds": 0,
    "hull": 0,
    "moves": 4,
    "name": "King's Cavalry",
    "native": false,
    "sight": 1,
    "size": 1,
    "toolsCost": 0,
  },
  "colonist": {
    "aiRoles": [
      "settle",
    ],
    "attack": 0,
    "build": null,
    "colonistRole": true,
    "cost": 1,
    "defense": 1,
    "domain": "land",
    "equipment": {
      "horses": 0,
      "muskets": 0,
      "tools": 0,
    },
    "europePrice": null,
    "guns": 0,
    "holds": 0,
    "hull": 0,
    "moves": 1,
    "name": "Colonist",
    "native": false,
    "sight": 1,
    "size": 1,
    "toolsCost": 0,
  },
  "continentalArmy": {
    "aiRoles": [
      "attack",
      "defend",
      "escort",
    ],
    "attack": 4,
    "build": null,
    "colonistRole": false,
    "cost": 3,
    "defense": 4,
    "domain": "land",
    "equipment": {
      "horses": 0,
      "muskets": 0,
      "tools": 0,
    },
    "europePrice": null,
    "guns": 0,
    "holds": 0,
    "hull": 0,
    "moves": 1,
    "name": "Continental Army",
    "native": false,
    "sight": 1,
    "size": 1,
    "toolsCost": 0,
  },
  "continentalCavalry": {
    "aiRoles": [
      "attack",
      "defend",
      "escort",
    ],
    "attack": 5,
    "build": null,
    "colonistRole": false,
    "cost": 3,
    "defense": 5,
    "domain": "land",
    "equipment": {
      "horses": 0,
      "muskets": 0,
      "tools": 0,
    },
    "europePrice": null,
    "guns": 0,
    "holds": 0,
    "hull": 0,
    "moves": 4,
    "name": "Continental Cavalry",
    "native": false,
    "sight": 1,
    "size": 1,
    "toolsCost": 0,
  },
  "damagedArtillery": {
    "aiRoles": [
      "attack",
      "defend",
    ],
    "attack": 5,
    "build": null,
    "colonistRole": false,
    "cost": 6,
    "defense": 3,
    "domain": "land",
    "equipment": {
      "horses": 0,
      "muskets": 0,
      "tools": 0,
    },
    "europePrice": null,
    "guns": 0,
    "holds": 0,
    "hull": 0,
    "moves": 1,
    "name": "Damaged Artillery",
    "native": false,
    "sight": 1,
    "size": 1,
    "toolsCost": 4,
  },
  "dragoon": {
    "aiRoles": [
      "explore",
      "attack",
      "defend",
      "escort",
    ],
    "attack": 3,
    "build": null,
    "colonistRole": true,
    "cost": 3,
    "defense": 3,
    "domain": "land",
    "equipment": {
      "horses": 50,
      "muskets": 50,
      "tools": 0,
    },
    "europePrice": null,
    "guns": 0,
    "holds": 0,
    "hull": 0,
    "moves": 4,
    "name": "Dragoon",
    "native": false,
    "sight": 1,
    "size": 1,
    "toolsCost": 0,
  },
  "frigate": {
    "aiRoles": [
      "invade",
      "naval",
    ],
    "attack": 16,
    "build": {
      "hammers": 512,
      "tools": 200,
    },
    "colonistRole": false,
    "cost": 16,
    "defense": 16,
    "domain": "sea",
    "equipment": {
      "horses": 0,
      "muskets": 0,
      "tools": 0,
    },
    "europePrice": 5000,
    "guns": 12,
    "holds": 4,
    "hull": 32,
    "moves": 6,
    "name": "Frigate",
    "native": false,
    "sight": 2,
    "size": 99,
    "toolsCost": 20,
  },
  "galleon": {
    "aiRoles": [
      "invade",
      "transport",
    ],
    "attack": 0,
    "build": {
      "hammers": 320,
      "tools": 100,
    },
    "colonistRole": false,
    "cost": 10,
    "defense": 10,
    "domain": "sea",
    "equipment": {
      "horses": 0,
      "muskets": 0,
      "tools": 0,
    },
    "europePrice": 3000,
    "guns": 4,
    "holds": 6,
    "hull": 20,
    "moves": 6,
    "name": "Galleon",
    "native": false,
    "sight": 2,
    "size": 99,
    "toolsCost": 10,
  },
  "manOWar": {
    "aiRoles": [
      "invade",
      "naval",
    ],
    "attack": 24,
    "build": null,
    "colonistRole": false,
    "cost": 32,
    "defense": 24,
    "domain": "sea",
    "equipment": {
      "horses": 0,
      "muskets": 0,
      "tools": 0,
    },
    "europePrice": null,
    "guns": 32,
    "holds": 6,
    "hull": 64,
    "moves": 5,
    "name": "Man-O-War",
    "native": false,
    "sight": 1,
    "size": 99,
    "toolsCost": 90,
  },
  "merchantman": {
    "aiRoles": [
      "invade",
      "transport",
    ],
    "attack": 0,
    "build": {
      "hammers": 192,
      "tools": 80,
    },
    "colonistRole": false,
    "cost": 6,
    "defense": 6,
    "domain": "sea",
    "equipment": {
      "horses": 0,
      "muskets": 0,
      "tools": 0,
    },
    "europePrice": 2000,
    "guns": 1,
    "holds": 4,
    "hull": 8,
    "moves": 5,
    "name": "Merchantman",
    "native": false,
    "sight": 1,
    "size": 99,
    "toolsCost": 8,
  },
  "missionary": {
    "aiRoles": [
      "explore",
    ],
    "attack": 0,
    "build": null,
    "colonistRole": true,
    "cost": 1,
    "defense": 1,
    "domain": "land",
    "equipment": {
      "horses": 0,
      "muskets": 0,
      "tools": 0,
    },
    "europePrice": null,
    "guns": 0,
    "holds": 0,
    "hull": 0,
    "moves": 2,
    "name": "Missionary",
    "native": false,
    "sight": 1,
    "size": 1,
    "toolsCost": 0,
  },
  "mountedBrave": {
    "aiRoles": [
      "explore",
      "attack",
      "defend",
    ],
    "attack": 2,
    "build": null,
    "colonistRole": false,
    "cost": 2,
    "defense": 2,
    "domain": "land",
    "equipment": {
      "horses": 50,
      "muskets": 0,
      "tools": 0,
    },
    "europePrice": null,
    "guns": 0,
    "holds": 0,
    "hull": 0,
    "moves": 4,
    "name": "Mounted Braves",
    "native": true,
    "sight": 1,
    "size": 0,
    "toolsCost": 0,
  },
  "mountedWarrior": {
    "aiRoles": [
      "explore",
      "attack",
      "defend",
    ],
    "attack": 3,
    "build": null,
    "colonistRole": false,
    "cost": 3,
    "defense": 3,
    "domain": "land",
    "equipment": {
      "horses": 50,
      "muskets": 50,
      "tools": 0,
    },
    "europePrice": null,
    "guns": 0,
    "holds": 0,
    "hull": 0,
    "moves": 4,
    "name": "Mounted Warriors",
    "native": true,
    "sight": 1,
    "size": 0,
    "toolsCost": 0,
  },
  "pioneer": {
    "aiRoles": [
      "settle",
    ],
    "attack": 0,
    "build": null,
    "colonistRole": true,
    "cost": 2,
    "defense": 1,
    "domain": "land",
    "equipment": {
      "horses": 0,
      "muskets": 0,
      "tools": 100,
    },
    "europePrice": null,
    "guns": 0,
    "holds": 0,
    "hull": 0,
    "moves": 1,
    "name": "Pioneer",
    "native": false,
    "sight": 1,
    "size": 1,
    "toolsCost": 0,
  },
  "privateer": {
    "aiRoles": [
      "naval",
    ],
    "attack": 8,
    "build": {
      "hammers": 256,
      "tools": 120,
    },
    "colonistRole": false,
    "cost": 8,
    "defense": 8,
    "domain": "sea",
    "equipment": {
      "horses": 0,
      "muskets": 0,
      "tools": 0,
    },
    "europePrice": 2000,
    "guns": 4,
    "holds": 2,
    "hull": 12,
    "moves": 8,
    "name": "Privateer",
    "native": false,
    "sight": 2,
    "size": 99,
    "toolsCost": 12,
  },
  "regular": {
    "aiRoles": [
      "attack",
      "defend",
      "escort",
    ],
    "attack": 5,
    "build": null,
    "colonistRole": false,
    "cost": 3,
    "defense": 5,
    "domain": "land",
    "equipment": {
      "horses": 0,
      "muskets": 0,
      "tools": 0,
    },
    "europePrice": null,
    "guns": 0,
    "holds": 0,
    "hull": 0,
    "moves": 1,
    "name": "King's Regular",
    "native": false,
    "sight": 1,
    "size": 1,
    "toolsCost": 0,
  },
  "scout": {
    "aiRoles": [
      "settle",
      "explore",
      "escort",
    ],
    "attack": 1,
    "build": null,
    "colonistRole": true,
    "cost": 2,
    "defense": 1,
    "domain": "land",
    "equipment": {
      "horses": 50,
      "muskets": 0,
      "tools": 0,
    },
    "europePrice": null,
    "guns": 0,
    "holds": 0,
    "hull": 0,
    "moves": 4,
    "name": "Scout",
    "native": false,
    "sight": 2,
    "size": 1,
    "toolsCost": 0,
  },
  "soldier": {
    "aiRoles": [
      "attack",
      "defend",
      "escort",
    ],
    "attack": 2,
    "build": null,
    "colonistRole": true,
    "cost": 2,
    "defense": 2,
    "domain": "land",
    "equipment": {
      "horses": 0,
      "muskets": 50,
      "tools": 0,
    },
    "europePrice": null,
    "guns": 0,
    "holds": 0,
    "hull": 0,
    "moves": 1,
    "name": "Soldier",
    "native": false,
    "sight": 1,
    "size": 1,
    "toolsCost": 0,
  },
  "treasure": {
    "aiRoles": [],
    "attack": 0,
    "build": null,
    "colonistRole": false,
    "cost": 4,
    "defense": 0,
    "domain": "land",
    "equipment": {
      "horses": 0,
      "muskets": 0,
      "tools": 0,
    },
    "europePrice": null,
    "guns": 0,
    "holds": 0,
    "hull": 0,
    "moves": 1,
    "name": "Treasure Train",
    "native": false,
    "sight": 1,
    "size": 6,
    "toolsCost": 0,
  },
  "wagonTrain": {
    "aiRoles": [],
    "attack": 0,
    "build": {
      "hammers": 40,
      "tools": 0,
    },
    "colonistRole": false,
    "cost": 1,
    "defense": 1,
    "domain": "land",
    "equipment": {
      "horses": 0,
      "muskets": 0,
      "tools": 0,
    },
    "europePrice": null,
    "guns": 0,
    "holds": 2,
    "hull": 0,
    "moves": 2,
    "name": "Wagon Train",
    "native": false,
    "sight": 1,
    "size": 99,
    "toolsCost": 0,
  },
}
`;
