// Vitest Snapshot v1, https://vitest.dev/guide/snapshot.html

exports[`AI plan table > matches the snapshot 1`] = `
{
  "actionsPerTurn": 250,
  "berthsTried": 3,
  "coloniesBeforeGarrison": 2,
  "firstColonyAnywhereFrom": 6,
  "firstColonyHaste": 6,
  "goldReserve": 200,
  "landSearch": 7,
  "shipSearch": 14,
  "sitePerSquare": 4,
}
`;
