// Vitest Snapshot v1, https://vitest.dev/guide/snapshot.html

exports[`Terrain Information (F1) > sets out the terrain table: every kind of land with its cost, cover and yields 1`] = `
{
  "id": "terrain",
  "sections": [
    {
      "columns": true,
      "heading": "Open land",
      "rows": [
        [
          "Terrain",
          "Move",
          "Defence",
          "Food",
          "Sugar",
          "Tobacco",
          "Cotton",
          "Furs",
          "Lumber",
          "Ore",
          "Silver",
          "Fish",
        ],
        [
          "Tundra",
          "1",
          "-",
          "2",
          "-",
          "-",
          "-",
          "-",
          "-",
          "2",
          "-",
          "-",
        ],
        [
          "Desert",
          "1",
          "-",
          "1",
          "-",
          "-",
          "1",
          "-",
          "-",
          "2",
          "-",
          "-",
        ],
        [
          "Plains",
          "1",
          "-",
          "4",
          "-",
          "-",
          "2",
          "-",
          "-",
          "1",
          "-",
          "-",
        ],
        [
          "Prairie",
          "1",
          "-",
          "2",
          "-",
          "-",
          "3",
          "-",
          "-",
          "-",
          "-",
          "-",
        ],
        [
          "Grassland",
          "1",
          "-",
          "2",
          "-",
          "3",
          "-",
          "-",
          "-",
          "-",
          "-",
          "-",
        ],
        [
          "Savannah",
          "1",
          "-",
          "3",
          "3",
          "-",
          "-",
          "-",
          "-",
          "-",
          "-",
          "-",
        ],
        [
          "Marsh",
          "2",
          "+25%",
          "2",
          "-",
          "2",
          "-",
          "-",
          "-",
          "2",
          "-",
          "-",
        ],
        [
          "Swamp",
          "2",
          "+25%",
          "2",
          "2",
          "-",
          "-",
          "-",
          "-",
          "2",
          "-",
          "-",
        ],
      ],
    },
    {
      "columns": true,
      "heading": "Forest",
      "rows": [
        [
          "Terrain",
          "Move",
          "Defence",
          "Food",
          "Sugar",
          "Tobacco",
          "Cotton",
          "Furs",
          "Lumber",
          "Ore",
          "Silver",
          "Fish",
        ],
        [
          "Boreal Forest",
          "2",
          "+50%",
          "1",
          "-",
          "-",
          "-",
          "3",
          "2",
          "1",
          "-",
          "-",
        ],
        [
          "Scrub Forest",
          "1",
          "+50%",
          "1",
          "-",
          "-",
          "1",
          "2",
          "1",
          "1",
          "-",
          "-",
        ],
        [
          "Mixed Forest",
          "2",
          "+50%",
          "2",
          "-",
          "-",
          "1",
          "3",
          "3",
          "-",
          "-",
          "-",
        ],
        [
          "Broadleaf Forest",
          "2",
          "+50%",
          "1",
          "-",
          "-",
          "1",
          "2",
          "2",
          "-",
          "-",
          "-",
        ],
        [
          "Conifer Forest",
          "2",
          "+50%",
          "1",
          "-",
          "1",
          "-",
          "2",
          "3",
          "-",
          "-",
          "-",
        ],
        [
          "Tropical Forest",
          "2",
          "+50%",
          "2",
          "1",
          "-",
          "-",
          "2",
          "2",
          "-",
          "-",
          "-",
        ],
        [
          "Wetland Forest",
          "3",
          "+50%",
          "1",
          "-",
          "1",
          "-",
          "2",
          "2",
          "1",
          "-",
          "-",
        ],
        [
          "Rain Forest",
          "3",
          "+75%",
          "1",
          "1",
          "-",
          "-",
          "1",
          "2",
          "1",
          "-",
          "-",
        ],
      ],
    },
    {
      "columns": true,
      "heading": "Other",
      "rows": [
        [
          "Terrain",
          "Move",
          "Defence",
          "Food",
          "Sugar",
          "Tobacco",
          "Cotton",
          "Furs",
          "Lumber",
          "Ore",
          "Silver",
          "Fish",
        ],
        [
          "Arctic",
          "2",
          "-",
          "-",
          "-",
          "-",
          "-",
          "-",
          "-",
          "-",
          "-",
          "-",
        ],
        [
          "Ocean",
          "1",
          "-",
          "-",
          "-",
          "-",
          "-",
          "-",
          "-",
          "-",
          "-",
          "3",
        ],
        [
          "Sea Lane",
          "1",
          "-",
          "-",
          "-",
          "-",
          "-",
          "-",
          "-",
          "-",
          "-",
          "3",
        ],
        [
          "Mountains",
          "3",
          "+150%",
          "-",
          "-",
          "-",
          "-",
          "-",
          "-",
          "4",
          "1",
          "-",
        ],
        [
          "Hills",
          "2",
          "+100%",
          "1",
          "-",
          "-",
          "-",
          "-",
          "-",
          "4",
          "-",
          "-",
        ],
      ],
    },
    {
      "heading": "Notes",
      "rows": [
        [
          "Yields are what a free colonist brings in from an unimproved square; experts, plowing, rivers, roads and special resources add to them.",
        ],
      ],
    },
  ],
  "title": "Terrain Information",
}
`;
